Local terminal-first coding agent

Usage:
  pips [flags]
  pips [command]

Available Commands:
  completion  Generate shell completion
  config      Inspect effective configuration
  doctor      Check coding agent prerequisites
  help        Help about any command
  session     Inspect durable coding sessions
  version     Print build version information

Flags:
      --approval string    approval mode
      --config string      user configuration file
  -h, --help               help for pips
      --model string       model ID
      --model-api string   OpenAI API surface
      --provider string    model provider
      --sandbox string     sandbox mode
      --tool-search        enable deferred tool search
      --workspace string   workspace root (default ".")

Use "pips [command] --help" for more information about a command.
